// Jest Snapshot v1, https://goo.gl/fbAQLP

exports[`HdArrowButton props computed computedClasses direction class based on direction prop 1`] = `<button autocomplete="off" class="arrowButton arrowButton--right"></button>`;

exports[`HdArrowButton props computed computedClasses direction class based on direction prop 2`] = `<button autocomplete="off" class="arrowButton arrowButton--left"></button>`;

exports[`HdArrowButton props disabled disables button when true 1`] = `<button autocomplete="off" class="arrowButton arrowButton--right"></button>`;

exports[`HdArrowButton props disabled disables button when true 2`] = `<button autocomplete="off" class="arrowButton arrowButton--right" disabled="disabled"></button>`;

exports[`HdArrowButton renders component 1`] = `<button autocomplete="off" class="arrowButton arrowButton--right"></button>`;
