// Jest Snapshot v1, https://goo.gl/fbAQLP

exports[`HdSuggestionItem renders component 1`] = `
<div class="suggestionItem suggestionItem--isSelected"><img src="https://dummyimage.com/32x32" class="suggestionItem__icon">
  <div class="suggestionItem__content">
    <p class="suggestionItem__line suggestionItem__line--1">Lorem ipsum dolor sit amet</p>
    <p class="suggestionItem__line suggestionItem__line--2">onsectetur adipiscing elit</p>
  </div>
</div>
`;
