// Jest Snapshot v1, https://goo.gl/fbAQLP

exports[`HdTable renders component 1`] = `
<table class="hd-table center">
  <thead>
    <tr>
      <th>a</th>
      <th>b</th>
      <th>c</th>
    </tr>
  </thead>
  <tbody>
    <tr>
      <td><span>1</span></td>
      <td><span>2</span></td>
      <td><span>3</span></td>
    </tr>
    <tr>
      <td><span>4</span></td>
      <td><span>5</span></td>
      <td><span>6</span></td>
    </tr>
  </tbody>
</table>
`;
