// Jest Snapshot v1, https://goo.gl/fbAQLP

exports[`HdTabsMenu The component is rendered 1`] = `
<div class="tabs-menu">
  <div class="tabs-menu__wrap">
    <div class="tabs-menu__wrap__inner">
      <div class="flickity-enabled flickity--no-controls" tabindex="0">
        <div class="flickity-viewport" style="height: 0px;">
          <div class="flickity-slider" style="left: 0px; transform: translateX(NaN%);"><button data-index="0" type="button" class="tabs-menu__item btn btn--flat js-tabs-menu-item" style="position: absolute;" aria-hidden="true">
              Jon "Snow"
            </button><button data-index="1" type="button" class="tabs-menu__item btn btn--flat js-tabs-menu-item isActive is-selected" style="position: absolute;">
              Daenerys
            </button><button data-index="2" type="button" class="tabs-menu__item btn btn--flat js-tabs-menu-item" style="position: absolute;" aria-hidden="true">
              The Night King
            </button><button data-index="3" type="button" class="tabs-menu__item btn btn--flat js-tabs-menu-item" style="position: absolute;" aria-hidden="true">
              Arya
            </button><button data-index="4" type="button" class="tabs-menu__item btn btn--flat js-tabs-menu-item" style="position: absolute;" aria-hidden="true">
              Cersei
            </button></div>
        </div><button class="flickity-button flickity-prev-next-button previous" type="button" aria-label="Previous"><svg class="flickity-button-icon" viewBox="0 0 100 100">
            <path d="M 10,50 L 60,100 L 70,90 L 30,50  L 70,10 L 60,0 Z" class="arrow"></path>
          </svg></button><button class="flickity-button flickity-prev-next-button next" type="button" aria-label="Next"><svg class="flickity-button-icon" viewBox="0 0 100 100">
            <path d="M 10,50 L 60,100 L 70,90 L 30,50  L 70,10 L 60,0 Z" class="arrow" transform="translate(100, 100) rotate(180) "></path>
          </svg></button>
      </div>
    </div>
  </div>
</div>
`;
