// Jest Snapshot v1, https://goo.gl/fbAQLP

exports[`HdToggle renders the component 1`] = `
<div class="hd-toggle"><button type="button" class="hd-toggle__control">
    <p>HdToggle</p>
    <div class="hd-toggle__control-icon-wrapper">
      <!---->
      <hdicon-stub src="" class="hd-toggle__control-icon"></hdicon-stub>
      <!---->
    </div>
  </button>
  <div class="hd-toggle__body" style="max-height: 0px; transition-duration: 300ms;"><b>This is the HdToggle body.</b></div>
</div>
`;
