// Jest Snapshot v1, https://goo.gl/fbAQLP

exports[`HdModal renders component 1`] = `
<div class="hd-toggle hd-toggle--is-open"><button type="button" class="hd-toggle__control">

  </button>
  <div class="hd-toggle__body" style="max-height: 0px; transition-duration: 300ms;"><b>This is the HdToggle body.</b></div>
</div>
`;
