// Jest Snapshot v1, https://goo.gl/fbAQLP

exports[`HdNotificationsBar renders component 1`] = `
<div class="notifications-bar notifications-bar--notification notifications-bar--visible">
  <div class="notifications-bar__icon">
    <!---->
  </div>
  <div class="notifications-bar__content">
    Hello world!
  </div>
</div>
`;
