// Jest Snapshot v1, https://goo.gl/fbAQLP

exports[`HdNotificationsBar renders as expected 1`] = `
<div class="notifications-bar notifications-bar--notification">
  <hdicon-stub src="" class="notifications-bar__icon"></hdicon-stub>
  <div class="notifications-bar__content">
    Hello world!
  </div>
</div>
`;
