// Jest Snapshot v1, https://goo.gl/fbAQLP

exports[`HdNotificationsBar renders the component 1`] = `
<div class="notifications-bar notifications-bar--notification">
  <hdicon-stub src="bellIcon.svg" class="notifications-bar__icon"></hdicon-stub>
  <div class="notifications-bar__content">

  </div>
</div>
`;
