// Jest Snapshot v1, https://goo.gl/fbAQLP

exports[`HdNotifications renders the component corrently 1`] = `
<div class="notifications"><span name="notifications-bar-" tag="div"><hdnotificationsbar-stub type="notification" message="" customicon=""><p>
          Hello world
          <!----></p></hdnotificationsbar-stub><hdnotificationsbar-stub type="notification" message="" visible="true" customicon=""><p>
          Welcome to
          <a href="props.notification.url">Homeday</a></p></hdnotificationsbar-stub></span>
  <div class="notifications__sizer" style="height: 0px;"></div>
</div>
`;
