// Jest Snapshot v1, https://goo.gl/fbAQLP

exports[`HdTooltipped renders empty 1`] = `<span></span>`;

exports[`HdTooltipped renders full 1`] = `
<div class="field text-field">
  <!---->
  <div class="field__body">
    <div class="field__main"><input autocomplete="on" type="text" id="testInput" name="testInput" placeholder="" data-lpignore="true" label="dolor sit ammet" class="input"> <label for="testInput" id="test-input-label" class="field__label">
        dolor sit ammet
      </label>
      <div class="field__input-right"></div>
      <div class="field__border"></div>
    </div>
    <p class="field__helper">‍</p>
  </div>
</div>
`;
