// Jest Snapshot v1, https://goo.gl/fbAQLP

exports[`HdAutocomplete the component is rendered 1`] = `
<div class="autocomplete">
  <hdinput-stub label="Test" name="Test" type="text" value="" placeholder="Test" autocomplete="on" lang="en" texts="[object Object]" icon="" class="autocomplete__field"></hdinput-stub>
  <ul class="autocomplete__suggestions">
    <li class="autocomplete__suggestionItem"></li>
    <li class="autocomplete__suggestionItem"></li>
    <li class="autocomplete__suggestionItem"></li>
  </ul>
</div>
`;
