// Jest Snapshot v1, https://goo.gl/fbAQLP

exports[`HdDynamicForm renders slots 1`] = `
<form novalidate="novalidate" class="dynamicForm">
  <div>The before slot</div>
  <div class="dynamicForm__line">
    <div class="field text-field dynamicForm__line__item field--filled">
      <!---->
      <div class="field__body">
        <div class="field__main"><input autocomplete="on" type="email" id="email" name="email" placeholder="" required="required" data-lpignore="true" label="E-Mail-Adresse" class="input"> <label for="email" class="field__label">
            E-Mail-Adresse
          </label>
          <div class="field__input-right"></div>
          <div class="field__border"></div>
        </div>
        <p class="field__helper">‍</p>
      </div>
    </div>
  </div>
  <div class="dynamicForm__line">
    <div class="field text-field password-input dynamicForm__line__item">
      <!---->
      <div class="field__body">
        <div class="field__main"><input autocomplete="on" type="password" id="password" name="password" placeholder="" required="required" data-lpignore="true" label="Passwort" class="input"> <label for="password" class="field__label">
            Passwort
          </label>
          <div class="field__input-right"></div>
          <div class="field__border"></div>
        </div>
        <p class="field__helper">‍</p>
      </div>
    </div>
  </div>
  <div>The before button slot</div> <button class="dynamicForm__submit btn btn--primary">
    <!---->
    submit
  </button>
  <div>The after slot</div>
</form>
`;
