// Jest Snapshot v1, https://goo.gl/fbAQLP

exports[`HdInputPassword is rendered as expected 1`] = `
<div class="password-input">
  <div class="field field--input field--filled field--hasControl">
    <!----> <input autocomplete="on" type="password" id="test name" name="test name" placeholder="" data-lpignore="true" class="field__input"> <label for="test name" class="field__label">
      test label
    </label>
    <!----> <span class="field__border"></span></div> <span class="field__visibilityToggle"><!----></span>
</div>
`;
