// Jest Snapshot v1, https://goo.gl/fbAQLP

exports[`HdInputPassword is rendered as expected 1`] = `
<div class="field text-field password-input field--filled">
  <!---->
  <div class="field__body">
    <div class="field__main"><input autocomplete="on" type="password" id="test name" name="test name" placeholder="" data-lpignore="true" label="test label" class="input"> <label for="test name" id="test-name-label" class="field__label">
        test label
      </label>
      <div class="field__input-right"><button type="button" class="password-input__visibility-toggle">
          <!----></button></div>
      <div class="field__border"></div>
    </div>
    <p class="field__helper">‍</p>
  </div>
</div>
`;
