// Jest Snapshot v1, https://goo.gl/fbAQLP

exports[`HdPasswordConfirm is rendered as expected 1`] = `
<div class="confirmPassword">
  <div class="field text-field password-input confirm-password__input field--filled">
    <!---->
    <div class="field__body">
      <div class="field__main"><input autocomplete="on" type="password" id="passwordMain" name="passwordMain" placeholder="" required="required" data-lpignore="true" icon="" label="Ihr Passwort" class="input"> <label for="passwordMain" class="field__label">
          Ihr Passwort
        </label>
        <div class="field__input-right"><button class="password-input__visibility-toggle">
            <!----></button></div>
        <div class="field__border"></div>
      </div>
      <p class="field__helper">‍</p>
    </div>
  </div>
  <div class="confirmPassword__strengthMeter">
    <div class="confirmPassword__strengthMeter__text"></div>
    <div class="confirmPassword__strengthMeter__gauge">
      <div class="confirmPassword__strengthMeter__gauge__bar"></div>
    </div>
  </div>
  <div class="field text-field password-input confirmPassword__input">
    <!---->
    <div class="field__body">
      <div class="field__main"><input autocomplete="on" type="password" id="passwordConfirm" name="passwordConfirm" placeholder="" required="required" data-lpignore="true" icon="" label="Bestätigen Sie Ihr Passwort" class="input"> <label for="passwordConfirm" class="field__label">
          Bestätigen Sie Ihr Passwort
        </label>
        <div class="field__input-right"></div>
        <div class="field__border"></div>
      </div>
      <p class="field__helper">‍</p>
    </div>
  </div>
</div>
`;
