// Jest Snapshot v1, https://goo.gl/fbAQLP

exports[`HdRadioCard renders correctly 1`] = `
<label for="property-house" tabindex="0"><input type="radio" id="property-house" name="property" value="house">
  <div class="card">
    <div class="card__border"></div>
    <div class="radio-indicator card__indicator"></div>
    <div class="card__icon">
      <hdicon-stub src="house-icon"></hdicon-stub>
    </div> <span class="card__control-label">House</span>
  </div>
  <!---->
</label>
`;
