// Jest Snapshot v1, https://goo.gl/fbAQLP

exports[`HdTextarea is rendered as expected 1`] = `
<div class="field field--textarea">
  <!----> <textarea autocomplete="on" id="test name" name="test name" placeholder="" class="field__input" style="height: 100px;"></textarea> <label for="test name" class="field__label">
    test label
  </label>
  <!----> <span class="field__border"></span></div>
`;
